2026-06-20T23:29:08.955-04:00  INFO 29740 --- [ms-user] [main] cl.duoc.ms_user.MsUserApplication        : Starting MsUserApplication using Java 21.0.11 with PID 29740 (C:\Users\pipe_\Downloads\Proyecto\Proyecto\ms-user\target\classes started by pipe_ in C:\Users\pipe_\Downloads\Proyecto\Proyecto\ms-user)
2026-06-20T23:29:08.957-04:00  INFO 29740 --- [ms-user] [main] cl.duoc.ms_user.MsUserApplication        : No active profile set, falling back to 1 default profile: "default"
2026-06-20T23:29:09.529-04:00  INFO 29740 --- [ms-user] [main] .s.d.r.c.RepositoryConfigurationDelegate : Bootstrapping Spring Data JPA repositories in DEFAULT mode.
2026-06-20T23:29:09.564-04:00  INFO 29740 --- [ms-user] [main] .s.d.r.c.RepositoryConfigurationDelegate : Finished Spring Data repository scanning in 28 ms. Found 1 JPA repository interface.
2026-06-20T23:29:09.733-04:00  INFO 29740 --- [ms-user] [main] o.s.cloud.context.scope.GenericScope     : BeanFactory id=95c54976-a899-3963-a1d4-9b36504a6730
2026-06-20T23:29:09.984-04:00  INFO 29740 --- [ms-user] [main] o.s.boot.tomcat.TomcatWebServer          : Tomcat initialized with port 8090 (http)
2026-06-20T23:29:09.994-04:00  INFO 29740 --- [ms-user] [main] o.apache.catalina.core.StandardService   : Starting service [Tomcat]
2026-06-20T23:29:09.995-04:00  INFO 29740 --- [ms-user] [main] o.apache.catalina.core.StandardEngine    : Starting Servlet engine: [Apache Tomcat/11.0.21]
2026-06-20T23:29:10.050-04:00  INFO 29740 --- [ms-user] [main] b.w.c.s.WebApplicationContextInitializer : Root WebApplicationContext: initialization completed in 1066 ms
2026-06-20T23:29:10.264-04:00  INFO 29740 --- [ms-user] [main] com.zaxxer.hikari.HikariDataSource       : HikariPool-1 - Starting...
2026-06-20T23:29:10.567-04:00  INFO 29740 --- [ms-user] [main] com.zaxxer.hikari.pool.HikariPool        : HikariPool-1 - Added connection com.mysql.cj.jdbc.ConnectionImpl@7482309c
2026-06-20T23:29:10.568-04:00  INFO 29740 --- [ms-user] [main] com.zaxxer.hikari.HikariDataSource       : HikariPool-1 - Start completed.
2026-06-20T23:29:10.602-04:00  INFO 29740 --- [ms-user] [main] org.flywaydb.core.FlywayExecutor         : Database: jdbc:mysql://localhost:13306/db_user?createDatabaseIfNotExist=true&serverTimezone=UTC (MySQL 8.0)
2026-06-20T23:29:10.638-04:00  INFO 29740 --- [ms-user] [main] o.f.c.i.s.JdbcTableSchemaHistory         : Schema history table `db_user`.`flyway_schema_history` does not exist yet
2026-06-20T23:29:10.641-04:00  INFO 29740 --- [ms-user] [main] o.f.core.internal.command.DbValidate     : Successfully validated 1 migration (execution time 00:00.016s)
2026-06-20T23:29:10.661-04:00  INFO 29740 --- [ms-user] [main] o.f.c.i.s.JdbcTableSchemaHistory         : Creating Schema History table `db_user`.`flyway_schema_history` ...
2026-06-20T23:29:10.723-04:00  INFO 29740 --- [ms-user] [main] o.f.core.internal.command.DbMigrate      : Current version of schema `db_user`: << Empty Schema >>
2026-06-20T23:29:10.731-04:00  INFO 29740 --- [ms-user] [main] o.f.core.internal.command.DbMigrate      : Migrating schema `db_user` to version "1 - init"
2026-06-20T23:29:10.782-04:00  INFO 29740 --- [ms-user] [main] o.f.core.internal.command.DbMigrate      : Successfully applied 1 migration to schema `db_user`, now at version v1 (execution time 00:00.027s)
2026-06-20T23:29:10.850-04:00  INFO 29740 --- [ms-user] [main] org.hibernate.orm.jpa                    : HHH008540: Processing PersistenceUnitInfo [name: default]
2026-06-20T23:29:10.901-04:00  INFO 29740 --- [ms-user] [main] org.hibernate.orm.core                   : HHH000001: Hibernate ORM core version 7.2.12.Final
2026-06-20T23:29:11.252-04:00  INFO 29740 --- [ms-user] [main] o.s.o.j.p.SpringPersistenceUnitInfo      : No LoadTimeWeaver setup: ignoring JPA class transformer
2026-06-20T23:29:11.300-04:00  WARN 29740 --- [ms-user] [main] org.hibernate.orm.deprecation            : HHH90000025: MySQLDialect does not need to be specified explicitly using 'hibernate.dialect' (remove the property setting and it will be selected by default)
2026-06-20T23:29:11.311-04:00  INFO 29740 --- [ms-user] [main] org.hibernate.orm.connections.pooling    : HHH10001005: Database info:
	Database JDBC URL [jdbc:mysql://localhost:13306/db_user?createDatabaseIfNotExist=true&serverTimezone=UTC]
	Database driver: MySQL Connector/J
	Database dialect: MySQLDialect
	Database version: 8.0.46
	Default catalog/schema: db_user/undefined
	Autocommit mode: undefined/unknown
	Isolation level: REPEATABLE_READ [default REPEATABLE_READ]
	JDBC fetch size: none
	Pool: DataSourceConnectionProvider
	Minimum pool size: undefined/unknown
	Maximum pool size: undefined/unknown
2026-06-20T23:29:11.888-04:00  INFO 29740 --- [ms-user] [main] org.hibernate.orm.core                   : HHH000489: No JTA platform available (set 'hibernate.transaction.jta.platform' to enable JTA platform integration)
2026-06-20T23:29:11.893-04:00  INFO 29740 --- [ms-user] [main] j.LocalContainerEntityManagerFactoryBean : Initialized JPA EntityManagerFactory for persistence unit 'default'
2026-06-20T23:29:11.947-04:00  INFO 29740 --- [ms-user] [main] o.s.d.j.r.query.QueryEnhancerFactories   : Hibernate is in classpath; If applicable, HQL parser will be used.
2026-06-20T23:29:12.132-04:00  WARN 29740 --- [ms-user] [main] JpaBaseConfiguration$JpaWebConfiguration : spring.jpa.open-in-view is enabled by default. Therefore, database queries may be performed during view rendering. Explicitly configure spring.jpa.open-in-view to disable this warning
2026-06-20T23:29:13.637-04:00  INFO 29740 --- [ms-user] [main] o.s.cloud.commons.util.InetUtils         : Cannot determine local hostname
2026-06-20T23:29:13.659-04:00  INFO 29740 --- [ms-user] [main] o.s.b.a.e.web.EndpointLinksResolver      : Exposing 1 endpoint beneath base path '/actuator'
2026-06-20T23:29:13.719-04:00  INFO 29740 --- [ms-user] [main] o.s.boot.tomcat.TomcatWebServer          : Tomcat started on port 8090 (http) with context path '/'
2026-06-20T23:29:14.726-04:00  INFO 29740 --- [ms-user] [main] o.s.cloud.commons.util.InetUtils         : Cannot determine local hostname
2026-06-20T23:29:14.734-04:00  INFO 29740 --- [ms-user] [main] cl.duoc.ms_user.MsUserApplication        : Started MsUserApplication in 7.106 seconds (process running for 7.503)
2026-06-20T23:29:14.810-04:00  WARN 29740 --- [ms-user] [main] o.s.core.events.SpringDocAppInitializer  : SpringDoc /v3/api-docs endpoint is enabled by default. To disable it in production, set the property 'springdoc.api-docs.enabled=false'
2026-06-20T23:29:14.810-04:00  WARN 29740 --- [ms-user] [main] o.s.core.events.SpringDocAppInitializer  : SpringDoc /swagger-ui.html endpoint is enabled by default. To disable it in production, set the property 'springdoc.swagger-ui.enabled=false'
2026-06-20T23:29:21.400-04:00  INFO 29740 --- [ms-user] [http-nio-8090-exec-1] o.a.c.c.C.[Tomcat].[localhost].[/]       : Initializing Spring DispatcherServlet 'dispatcherServlet'
2026-06-20T23:29:21.400-04:00  INFO 29740 --- [ms-user] [http-nio-8090-exec-1] o.s.web.servlet.DispatcherServlet        : Initializing Servlet 'dispatcherServlet'
2026-06-20T23:29:21.402-04:00  INFO 29740 --- [ms-user] [http-nio-8090-exec-1] o.s.web.servlet.DispatcherServlet        : Completed initialization in 2 ms
2026-06-20T23:29:21.632-04:00  INFO 29740 --- [ms-user] [http-nio-8090-exec-1] o.springdoc.api.AbstractOpenApiResource  : Init duration for springdoc-openapi is: 185 ms
2026-06-20T23:29:21.787-04:00  INFO 29740 --- [ms-user] [http-nio-8090-exec-2] c.d.m.s.UserServiceImpl.UserServiceImpl  : Register User
2026-06-20T23:29:22.351-04:00  INFO 29740 --- [ms-user] [http-nio-8090-exec-3] c.d.m.s.UserServiceImpl.UserServiceImpl  : Register User
2026-06-20T23:29:22.394-04:00  INFO 29740 --- [ms-user] [http-nio-8090-exec-4] c.d.m.s.UserServiceImpl.UserServiceImpl  : Login User
2026-06-20T23:29:22.554-04:00  INFO 29740 --- [ms-user] [http-nio-8090-exec-5] c.d.m.s.UserServiceImpl.UserServiceImpl  : Login User
2026-06-20T23:29:22.630-04:00  INFO 29740 --- [ms-user] [http-nio-8090-exec-6] c.d.m.s.UserServiceImpl.UserServiceImpl  : Find User by ID 99999
